// Jest Snapshot v1, https://goo.gl/fbAQLP

exports[`loads and displays course card 1`] = `
<DocumentFragment>
  <div
    class="w-96 shadow-lg rounded-t-lg m-5"
  >
    <div
      class="sc-AxhUy dBRLnL flex  bg-cover bg-center rounded-t-lg"
    >
      <div
        class="sc-AxgMl fFPQpl w-1/3"
      />
      <div
        class="sc-AxheI bMWDco w-2/3 p-5 bg-white rounded-lg"
      >
        <div
          class="flex justify-end -mt-4"
        >
          <div
            class="relative inline-block"
          >
            <div>
              <button
                class="sc-AxjAm StDqN inline-flex justify-center w-full rounded-md  text-sm leading-5 font-medium text-gray-700 hover:text-gray-500 focus:outline-none focus:border-blue-300 focus:shadow-outline-blue active:bg-gray-50 active:text-gray-800 transition ease-in-out duration-150"
                role="button"
                type="button"
              >
                <i
                  class="fas fa-ellipsis-v"
                />
              </button>
            </div>
          </div>
        </div>
        <div
          class="sc-Axmtr hBVTto flex text-white mb-4"
        >
          <h1
            class="sc-AxmLO cAKCgh text-white font-bold text-lg text-justify break-all"
          >
            test
          </h1>
        </div>
        <hr />
        <p
          class="sc-fzozJi jxgYyc mt-4 text-gray-600 text-sm text-justify break-all"
        >
          description
        </p>
        <div
          class="sc-fzoLsD fqEnxe mt-4 text-gray-600 text-sm mt-4 text-justify"
        >
          <ul>
            <li
              class="sc-fzpans kkFAbe mt-1"
            >
              <i
                class="fas fa-stream mr-3"
              />
              Sections:   0
            </li>
            <li
              class="sc-fzpans kkFAbe mt-1"
            >
              <i
                class="fas fa-clock mr-3"
              />
              duration:  
            </li>
          </ul>
        </div>
        <div
          class="flex justify-end mt-3"
        >
          <button
            class="sc-AxhCb ccMvAG px-3 py-2 bg-purple-900 text-white text-xs font-bold uppercase rounded"
            type="button"
          >
            Watch
          </button>
        </div>
      </div>
    </div>
    <div
      class="shadow w-full rounded-b-lg bg-grey-light"
    >
      <div
        class="bg-purple-900 py-1 text-center rounded-b-lg"
        style="width: 45%;"
      />
    </div>
  </div>
</DocumentFragment>
`;
