// Jest Snapshot v1, https://goo.gl/fbAQLP

exports[`loads menu button 1`] = `
<DocumentFragment>
  <div
    class="relative inline-block"
  >
    <div>
      <button
        class="sc-AxjAm StDqN inline-flex justify-center w-full rounded-md  text-sm leading-5 font-medium text-gray-700 hover:text-gray-500 focus:outline-none focus:border-blue-300 focus:shadow-outline-blue active:bg-gray-50 active:text-gray-800 transition ease-in-out duration-150"
        role="button"
        type="button"
      >
        <i
          class="fas fa-ellipsis-v"
        />
      </button>
    </div>
  </div>
</DocumentFragment>
`;
