// Jest Snapshot v1, https://goo.gl/fbAQLP

exports[`loads modal 1`] = `
<DocumentFragment>
  <div
    class="sc-AxjAm StDqN flex items-center justify-center fixed left-0 bottom-0 w-full h-full bg-gray-900 z-20"
  >
    <div
      class="sc-AxirZ ktnnZK bg-white rounded-lg w-1/2"
    >
      <div
        class="sc-AxiKw bOTXee flex flex-col items-start p-4"
      >
        <div
          class="sc-AxhCb ccMvAG flex items-center w-full"
        >
          <div
            class="sc-AxhUy kMyssT text-gray-900 font-medium text-lg"
          >
            test
          </div>
          <svg
            class="ml-auto fill-current text-gray-700 w-6 h-6 cursor-pointer"
            role="button"
            viewBox="0 0 18 18"
            xmlns="http://www.w3.org/2000/svg"
          >
            <path
              d="M14.53 4.53l-1.06-1.06L9 7.94 4.53 3.47 3.47 4.53 7.94 9l-4.47 4.47 1.06 1.06L9 10.06l4.47 4.47 1.06-1.06L10.06 9z"
            />
          </svg>
        </div>
        <hr />
        Test Modal
      </div>
    </div>
  </div>
</DocumentFragment>
`;
