// Jest Snapshot v1, https://goo.gl/fbAQLP

exports[`loads and displays video card 1`] = `
<DocumentFragment>
  <div
    class="sc-AxhCb ccMvAG w-full flex border-r border-b border-l border-gray-400 border-l-0 border-t border-gray-400 bg-white rounded-b rounded-b-none rounded-r mr-5 mb-5"
  >
    <div
      class="sc-AxhUy dBRLnL w-32 h-auto bg-cover bg-center rounded-t rounded-l"
    />
    <div
      class="sc-AxgMl fFPQpl p-3 flex-auto flex flex-col justify-between"
    >
      <div
        class="mb-8"
      >
        <div
          class="text-gray-900 font-bold text-lg mb-2"
        >
          <button
            type="button"
          >
            test
          </button>
        </div>
      </div>
    </div>
    <div
      class="sc-AxheI fniENP  p-3 flex justify-center"
    >
      <button
        class="focus:outline-none"
        data-testid="watched-toggle"
        type="button"
      >
        <i
          class="fas fa-check fa-2x text-gray-500 "
        />
      </button>
    </div>
    <div
      class="sc-Axmtr hBVTto  pr-2 pl-3"
    >
      <div
        class="relative inline-block"
      >
        <div>
          <button
            class="sc-AxjAm StDqN inline-flex justify-center w-full rounded-md  text-sm leading-5 font-medium text-gray-700 hover:text-gray-500 focus:outline-none focus:border-blue-300 focus:shadow-outline-blue active:bg-gray-50 active:text-gray-800 transition ease-in-out duration-150"
            role="button"
            type="button"
          >
            <i
              class="fas fa-ellipsis-v"
            />
          </button>
        </div>
      </div>
    </div>
  </div>
</DocumentFragment>
`;
